// Jest Snapshot v1, https://goo.gl/fbAQLP

exports[`Genres component should match snapshot 1`] = `
<DocumentFragment>
  <div
    class="ant-col ant-col-24 css-dev-only-do-not-override-m4timi"
  >
    <div
      class="ant-typography css-dev-only-do-not-override-m4timi"
    >
      <b>
        Genres: 
      </b>
      <div
        class="ant-flex css-dev-only-do-not-override-m4timi"
        style="display: inline-flex; gap: 4px;"
      >
        <span
          class="ant-tag css-dev-only-do-not-override-m4timi"
        >
          TEST/GENRE
        </span>
      </div>
    </div>
  </div>
</DocumentFragment>
`;
