// Jest Snapshot v1, https://goo.gl/fbAQLP

exports[`ImdbRating component should match snapshot 1`] = `
<DocumentFragment>
  <div
    class="ant-col ant-col-24 css-dev-only-do-not-override-usln0u"
  >
    <div
      class="ant-typography css-dev-only-do-not-override-usln0u"
    >
      <img
        alt="imdb"
        height="24"
        src="test-file-stub"
        title="imdb rating"
      />
      <b>
         : 
      </b>
      <span>
        9
      </span>
    </div>
  </div>
</DocumentFragment>
`;
