// Jest Snapshot v1, https://goo.gl/fbAQLP

exports[`Budget component should match snapshot 1`] = `
<DocumentFragment>
  <div
    class="ant-col ant-col-24 css-dev-only-do-not-override-5wsri9"
  >
    <div
      class="ant-typography css-dev-only-do-not-override-5wsri9"
    >
      <b>
        Budget: 
      </b>
      <span>
        $1,000,000
      </span>
    </div>
  </div>
</DocumentFragment>
`;
