// Jest Snapshot v1, https://goo.gl/fbAQLP

exports[`EmptyLayout component should match snapshot 1`] = `
<DocumentFragment>
  <div
    class="ant-layout center css-dev-only-do-not-override-1odpy5d"
  >
    <main
      class="ant-layout-content auth-layout css-dev-only-do-not-override-1odpy5d"
    />
  </div>
</DocumentFragment>
`;
