// Jest Snapshot v1, https://goo.gl/fbAQLP

exports[`EmptyLayout component should match snapshot 1`] = `
<DocumentFragment>
  <div
    class="center"
  >
    <div
      class="ant-layout css-dev-only-do-not-override-j9bb5n"
    >
      <main
        class="ant-layout-content css-dev-only-do-not-override-j9bb5n"
      />
    </div>
  </div>
</DocumentFragment>
`;
