// Jest Snapshot v1, https://jestjs.io/docs/snapshot-testing

exports[`EmptyLayout component should match snapshot 1`] = `
<DocumentFragment>
  <div
    class="ant-layout full-height css-dev-only-do-not-override-1cj4ms"
  >
    <main
      class="ant-layout-content auth-layout css-dev-only-do-not-override-1cj4ms"
    />
  </div>
</DocumentFragment>
`;
