// Jest Snapshot v1, https://goo.gl/fbAQLP

exports[`CrewList useContainer hook should match snapshot 1`] = `
{
  "groupedCrew": {
    "A": [
      {
        "department": "A",
      },
    ],
    "B": [
      {
        "department": "B",
      },
    ],
    "groupNames": [
      "A",
      "B",
    ],
  },
}
`;
