// Jest Snapshot v1, https://goo.gl/fbAQLP

exports[`CreateListModal component tests matches snapshot 1`] = `
<Modal
  afterClose={[MockFunction]}
  destroyOnClose={true}
  okText="Create"
  onCancel={[MockFunction]}
  onOk={[MockFunction]}
  title="Create list"
>
  <ForwardRef(InternalForm)
    autoComplete="off"
    form={
      {
        "__INTERNAL__": {
          "itemRef": [Function],
        },
        "_init": true,
        "getFieldError": [Function],
        "getFieldInstance": [Function],
        "getFieldValue": [Function],
        "getFieldWarning": [Function],
        "getFieldsError": [Function],
        "getFieldsValue": [Function],
        "getInternalHooks": [Function],
        "isFieldTouched": [Function],
        "isFieldValidating": [Function],
        "isFieldsTouched": [Function],
        "isFieldsValidating": [Function],
        "resetFields": [Function],
        "scrollToField": [Function],
        "setFieldValue": [Function],
        "setFields": [Function],
        "setFieldsValue": [Function],
        "submit": [Function],
        "validateFields": [Function],
      }
    }
    onFinish={[MockFunction]}
  >
    <InternalFormItem
      name="name"
      rules={
        [
          {
            "message": "Name is required",
            "required": true,
          },
        ]
      }
    >
      <ForwardRef
        placeholder="Name"
      />
    </InternalFormItem>
    <InternalFormItem
      name="description"
      rules={
        [
          {
            "message": "Description is required",
            "required": true,
          },
        ]
      }
    >
      <ForwardRef
        placeholder="Description"
      />
    </InternalFormItem>
  </ForwardRef(InternalForm)>
</Modal>
`;
