// Jest Snapshot v1, https://goo.gl/fbAQLP

exports[`ImageGallery component should match snapshot 1`] = `
<DocumentFragment>
  <div
    class="ant-row css-dev-only-do-not-override-6j9yrn"
  >
    <div
      class="ant-col ant-col-24 css-dev-only-do-not-override-6j9yrn"
    >
      <div
        class="ant-carousel css-dev-only-do-not-override-6j9yrn"
      >
        <div
          class="slick-slider slick-initialized"
        >
          <div
            class="slick-list"
          >
            <div
              class="slick-track"
              style="opacity: 1; transform: translate3d(0px, 0px, 0px);"
            >
              <div
                aria-hidden="false"
                class="slick-slide slick-active slick-current"
                data-index="0"
                style="outline: none; width: 0px;"
                tabindex="-1"
              >
                <div>
                  <div
                    class="movie-image"
                    style="width: 100%; display: inline-block;"
                    tabindex="-1"
                  >
                    <img
                      alt="test/title"
                      src="https://image.tmdb.org/t/p/original/image"
                    />
                  </div>
                </div>
              </div>
            </div>
          </div>
        </div>
      </div>
    </div>
  </div>
</DocumentFragment>
`;
