// Jest Snapshot v1, https://goo.gl/fbAQLP

exports[`Runtime component should match snapshot 1`] = `
<DocumentFragment>
  <div
    class="ant-col ant-col-24 css-dev-only-do-not-override-11xg00t"
  >
    <div
      class="ant-typography css-dev-only-do-not-override-11xg00t"
    >
      <b>
        Runtime: 
      </b>
      <span>
        2h 30m
      </span>
    </div>
  </div>
</DocumentFragment>
`;
