// Jest Snapshot v1, https://goo.gl/fbAQLP

exports[`Header useContainer hook should match snapshot 1`] = `
{
  "account": {
    "avatar": {
      "gravatar": {
        "hash": "image",
      },
      "tmdb": {
        "avatar_path": undefined,
      },
    },
    "id": 1234,
    "username": "test/username",
  },
  "handleLogIn": [Function],
  "handleLogOut": [Function],
  "isAuthenticated": true,
}
`;
