// Jest Snapshot v1, https://goo.gl/fbAQLP

exports[`apiRoutes should match snapshot 1`] = `
{
  "addToFovorite": [Function],
  "addToList": [Function],
  "addToWatchlist": [Function],
  "createList": "/list",
  "createRequestToken": "/authentication/token/new",
  "createSession": "/authentication/session/new",
  "deleteList": [Function],
  "deleteSession": "/authentication/session",
  "getAccountDetails": "/account",
  "getCreatedLists": [Function],
  "getFavorite": [Function],
  "getListDetails": [Function],
  "getMovieAccountStates": [Function],
  "getMovieCredits": [Function],
  "getMovieDetails": [Function],
  "getMovieImages": [Function],
  "getTrending": "/trending/movie/day",
  "getWatchlist": [Function],
  "removeFromList": [Function],
  "searchMovies": "/search/movie",
  "validateWithLogin": "/authentication/token/validate_with_login",
}
`;
