// Jest Snapshot v1, https://jestjs.io/docs/snapshot-testing

exports[`Status component should match snapshot 1`] = `
<DocumentFragment>
  <div
    class="ant-col ant-col-24 css-dev-only-do-not-override-1cj4ms"
  >
    <div
      class="ant-typography css-dev-only-do-not-override-1cj4ms"
    >
      <b>
        Status: 
      </b>
      <span>
        Released
      </span>
    </div>
  </div>
</DocumentFragment>
`;
