// Jest Snapshot v1, https://goo.gl/fbAQLP

exports[`CrewList useContainer hook should match snapshot 1`] = `
{
  "formattedCountries": "United States of America",
  "pluralizedTitle": "Country",
}
`;

exports[`CrewList useContainer hook should match snapshot with other data 1`] = `
{
  "formattedCountries": "United States of America, United Kingdom",
  "pluralizedTitle": "Countries",
}
`;
