// Jest Snapshot v1, https://goo.gl/fbAQLP

exports[`Genres component should match snapshot 1`] = `
<DocumentFragment>
  <div
    class="ant-col ant-col-24 css-dev-only-do-not-override-1rqnfsa"
  >
    <div
      class="ant-typography css-dev-only-do-not-override-1rqnfsa"
    >
      <b>
        Genres: 
      </b>
      <span
        class="ant-tag css-dev-only-do-not-override-1rqnfsa"
      >
        TEST/GENRE
      </span>
    </div>
  </div>
</DocumentFragment>
`;
