// Jest Snapshot v1, https://goo.gl/fbAQLP

exports[`MovieDetail useContainer hook should match snapshot 1`] = `
{
  "error": null,
  "handleFavoriteClick": [Function],
  "handleWatchlistClick": [Function],
  "loading": false,
  "movie": {
    "accountStates": {
      "favorite": false,
      "id": 1234,
      "rated": false,
      "watchlist": false,
    },
    "adult": false,
    "backdrop_path": "/image",
    "belongs_to_collection": null,
    "budget": 1000000,
    "credits": {
      "cast": [
        {
          "adult": true,
          "cast_id": 1234,
          "character": "test/character",
          "credit_id": "123",
          "gender": null,
          "id": 1234,
          "known_for_department": "",
          "name": "test/name",
          "order": 1234,
          "original_name": "test/name",
          "popularity": 1234,
          "profile_path": "/image",
        },
      ],
      "crew": [
        {
          "adult": true,
          "credit_id": "123",
          "department": "test/department",
          "gender": null,
          "id": 1234,
          "job": "test/job",
          "known_for_department": "",
          "name": "test/name",
          "original_name": "test/name",
          "popularity": 1234,
          "profile_path": "/image",
        },
      ],
      "id": 1234,
    },
    "genre_ids": [
      1,
      2,
      3,
    ],
    "genres": [
      {
        "id": 1,
        "name": "test/genre",
      },
    ],
    "homepage": null,
    "id": 1234,
    "images": [
      {
        "aspect_ratio": 0.5625,
        "file_path": "/image",
        "height": 900,
        "iso_639_1": null,
        "vote_average": 1234,
        "vote_count": 1234,
        "width": 1600,
      },
    ],
    "imdb_id": null,
    "original_language": "en",
    "original_title": "test/title",
    "overview": "test/overview",
    "popularity": 1234,
    "poster_path": "/image",
    "production_companies": [
      {
        "id": 1234,
        "logo_path": null,
        "name": "test/company",
        "origin_country": "USA",
      },
    ],
    "production_countries": [
      {
        "iso_3166_1": "en",
        "name": "USA",
      },
    ],
    "release_date": "01-01-1999",
    "revenue": 3000000,
    "runtime": 150,
    "spoken_languages": [
      {
        "iso_639_1": "en",
        "name": "EN",
      },
    ],
    "status": "test/status",
    "tagline": null,
    "title": "test/title",
    "video": false,
    "vote_average": 1234,
    "vote_count": 1234,
  },
  "popoverOpen": false,
  "setPopoverOpen": [Function],
}
`;

exports[`MovieDetail useContainer hook should match snapshot without params 1`] = `
{
  "error": null,
  "handleFavoriteClick": [Function],
  "handleWatchlistClick": [Function],
  "loading": false,
  "movie": {
    "accountStates": {
      "favorite": false,
      "id": 1234,
      "rated": false,
      "watchlist": false,
    },
    "adult": false,
    "backdrop_path": "/image",
    "belongs_to_collection": null,
    "budget": 1000000,
    "credits": {
      "cast": [
        {
          "adult": true,
          "cast_id": 1234,
          "character": "test/character",
          "credit_id": "123",
          "gender": null,
          "id": 1234,
          "known_for_department": "",
          "name": "test/name",
          "order": 1234,
          "original_name": "test/name",
          "popularity": 1234,
          "profile_path": "/image",
        },
      ],
      "crew": [
        {
          "adult": true,
          "credit_id": "123",
          "department": "test/department",
          "gender": null,
          "id": 1234,
          "job": "test/job",
          "known_for_department": "",
          "name": "test/name",
          "original_name": "test/name",
          "popularity": 1234,
          "profile_path": "/image",
        },
      ],
      "id": 1234,
    },
    "genre_ids": [
      1,
      2,
      3,
    ],
    "genres": [
      {
        "id": 1,
        "name": "test/genre",
      },
    ],
    "homepage": null,
    "id": 1234,
    "images": [
      {
        "aspect_ratio": 0.5625,
        "file_path": "/image",
        "height": 900,
        "iso_639_1": null,
        "vote_average": 1234,
        "vote_count": 1234,
        "width": 1600,
      },
    ],
    "imdb_id": null,
    "original_language": "en",
    "original_title": "test/title",
    "overview": "test/overview",
    "popularity": 1234,
    "poster_path": "/image",
    "production_companies": [
      {
        "id": 1234,
        "logo_path": null,
        "name": "test/company",
        "origin_country": "USA",
      },
    ],
    "production_countries": [
      {
        "iso_3166_1": "en",
        "name": "USA",
      },
    ],
    "release_date": "01-01-1999",
    "revenue": 3000000,
    "runtime": 150,
    "spoken_languages": [
      {
        "iso_639_1": "en",
        "name": "EN",
      },
    ],
    "status": "test/status",
    "tagline": null,
    "title": "test/title",
    "video": false,
    "vote_average": 1234,
    "vote_count": 1234,
  },
  "popoverOpen": false,
  "setPopoverOpen": [Function],
}
`;
