// Jest Snapshot v1, https://goo.gl/fbAQLP

exports[`PopoverContent component should match snapshot 1`] = `
<DocumentFragment>
  <div>
    <button
      class="ant-btn css-dev-only-do-not-override-98ntnt ant-btn-link"
      type="button"
    >
      <span>
        Create new list ...
      </span>
    </button>
  </div>
  <div>
    <button
      class="ant-btn css-dev-only-do-not-override-98ntnt ant-btn-link"
      type="button"
    >
      <span>
        test/list
      </span>
    </button>
  </div>
</DocumentFragment>
`;
