// Jest Snapshot v1, https://goo.gl/fbAQLP

exports[`Cast useContainer hook should match snapshot 1`] = `
{
  "error": null,
  "loading": false,
  "movie": {
    "account_states": {
      "favorite": false,
      "watchlist": false,
    },
    "budget": 1000000,
    "credits": {
      "cast": [
        {
          "character": "test/character",
          "credit_id": "1234",
          "department": "test/department",
          "id": 1234,
          "job": "test/job",
          "name": "test/name",
          "profile_path": "/image",
        },
      ],
      "crew": [
        {
          "character": "test/character",
          "credit_id": "1234",
          "department": "test/department",
          "id": 1234,
          "job": "test/job",
          "name": "test/name",
          "profile_path": "/image",
        },
      ],
    },
    "genres": [
      {
        "id": 1,
        "name": "test/genre",
      },
    ],
    "id": 1234,
    "images": {
      "backdrops": [
        {
          "file_path": "/image",
        },
      ],
      "logos": [
        {
          "file_path": "/image",
        },
      ],
      "posters": [
        {
          "file_path": "/image",
        },
      ],
    },
    "imdbInfo": {
      "contentRating": "PG-13",
      "rating": {
        "count": 100500,
        "star": 9,
      },
    },
    "imdb_id": "tt1234567",
    "original_language": "en",
    "overview": "test/overview",
    "poster_path": "/image",
    "production_countries": [
      {
        "iso_3166_1": "US",
        "name": "United States of America",
      },
    ],
    "release_date": "01-01-1999",
    "revenue": 3000000,
    "runtime": 150,
    "status": "test/status",
    "title": "test/title",
  },
  "movieSlug": "1234-test-movie",
}
`;

exports[`Cast useContainer hook should match snapshot without params 1`] = `
{
  "error": null,
  "loading": false,
  "movie": {
    "account_states": {
      "favorite": false,
      "watchlist": false,
    },
    "budget": 1000000,
    "credits": {
      "cast": [
        {
          "character": "test/character",
          "credit_id": "1234",
          "department": "test/department",
          "id": 1234,
          "job": "test/job",
          "name": "test/name",
          "profile_path": "/image",
        },
      ],
      "crew": [
        {
          "character": "test/character",
          "credit_id": "1234",
          "department": "test/department",
          "id": 1234,
          "job": "test/job",
          "name": "test/name",
          "profile_path": "/image",
        },
      ],
    },
    "genres": [
      {
        "id": 1,
        "name": "test/genre",
      },
    ],
    "id": 1234,
    "images": {
      "backdrops": [
        {
          "file_path": "/image",
        },
      ],
      "logos": [
        {
          "file_path": "/image",
        },
      ],
      "posters": [
        {
          "file_path": "/image",
        },
      ],
    },
    "imdbInfo": {
      "contentRating": "PG-13",
      "rating": {
        "count": 100500,
        "star": 9,
      },
    },
    "imdb_id": "tt1234567",
    "original_language": "en",
    "overview": "test/overview",
    "poster_path": "/image",
    "production_countries": [
      {
        "iso_3166_1": "US",
        "name": "United States of America",
      },
    ],
    "release_date": "01-01-1999",
    "revenue": 3000000,
    "runtime": 150,
    "status": "test/status",
    "title": "test/title",
  },
  "movieSlug": "1234-test-movie",
}
`;
