// Jest Snapshot v1, https://goo.gl/fbAQLP

exports[`PageTitle component should match snapshot 1`] = `
<DocumentFragment>
  <div
    class="ant-row css-dev-only-do-not-override-qnu6hi"
  >
    <div
      class="ant-col ant-col-24 css-dev-only-do-not-override-qnu6hi"
    >
      <div
        class="ant-flex css-dev-only-do-not-override-qnu6hi ant-flex-align-center ant-flex-gap-middle"
        style="margin-bottom: 24px;"
      >
        test/title
      </div>
    </div>
  </div>
</DocumentFragment>
`;
