// Jest Snapshot v1, https://goo.gl/fbAQLP

exports[`PageTitle component matches snapshot 1`] = `
<DocumentFragment>
  <div
    class="ant-row css-dev-only-do-not-override-1vr7spz"
  >
    <div
      class="ant-col ant-col-24 css-dev-only-do-not-override-1vr7spz"
    >
      <h1
        class="ant-typography css-dev-only-do-not-override-1vr7spz"
      >
        test/title
      </h1>
    </div>
  </div>
</DocumentFragment>
`;
