// Jest Snapshot v1, https://goo.gl/fbAQLP

exports[`Overview component should match snapshot 1`] = `
<DocumentFragment>
  <div
    class="ant-col ant-col-24 css-dev-only-do-not-override-1kuana8"
  >
    <h3
      class="ant-typography css-dev-only-do-not-override-1kuana8"
    >
      Overview
    </h3>
    <div
      class="ant-typography css-dev-only-do-not-override-1kuana8"
    >
      test/overview
    </div>
  </div>
</DocumentFragment>
`;
