// Jest Snapshot v1, https://goo.gl/fbAQLP

exports[`Footer component matches snapshot 1`] = `
<DocumentFragment>
  <footer
    class="ant-layout-footer css-dev-only-do-not-override-i0102m"
  >
    <span
      style="opacity: 0.8;"
    >
      Made with ❤ by 
      <a
        class="ant-typography css-dev-only-do-not-override-i0102m"
        href="https://github.com/insanetim/frontend-internship"
        rel="noreferrer"
        target="_blank"
      >
        insanetim
      </a>
    </span>
  </footer>
</DocumentFragment>
`;
