// Jest Snapshot v1, https://goo.gl/fbAQLP

exports[`PersonDetails useContainer hook should match snapshot 1`] = `
{
  "error": null,
  "loading": false,
  "person": {
    "biography": "test-biography",
    "birthday": "1999-01-01",
    "external_ids": {
      "facebook_id": "facebook_user",
      "instagram_id": "instagram_user",
      "tiktok_id": "tiktok_user",
      "twitter_id": "twitter_user",
    },
    "gender": 0,
    "id": 1234,
    "known_for_department": "Acting",
    "movie_credits": {
      "cast": [
        {
          "character": "Neo",
          "id": 1234,
          "popularity": 100500,
          "poster_path": "/image",
          "title": "The Matrix",
        },
      ],
      "crew": [
        {
          "department": "Directing",
          "id": 1234,
          "job": "Director",
          "popularity": 100500,
          "poster_path": "/image",
          "title": "The Matrix",
        },
        {
          "department": "Directing",
          "id": 4321,
          "job": "Director",
          "popularity": 999,
          "poster_path": "/image",
          "title": "Jupiter Ascending",
        },
      ],
    },
    "name": "test-person",
    "place_of_birth": "New York, USA",
    "popularity": 100500,
    "profile_path": "/image",
  },
}
`;

exports[`PersonDetails useContainer hook should match snapshot without params 1`] = `
{
  "error": null,
  "loading": false,
  "person": {
    "biography": "test-biography",
    "birthday": "1999-01-01",
    "external_ids": {
      "facebook_id": "facebook_user",
      "instagram_id": "instagram_user",
      "tiktok_id": "tiktok_user",
      "twitter_id": "twitter_user",
    },
    "gender": 0,
    "id": 1234,
    "known_for_department": "Acting",
    "movie_credits": {
      "cast": [
        {
          "character": "Neo",
          "id": 1234,
          "popularity": 100500,
          "poster_path": "/image",
          "title": "The Matrix",
        },
      ],
      "crew": [
        {
          "department": "Directing",
          "id": 1234,
          "job": "Director",
          "popularity": 100500,
          "poster_path": "/image",
          "title": "The Matrix",
        },
        {
          "department": "Directing",
          "id": 4321,
          "job": "Director",
          "popularity": 999,
          "poster_path": "/image",
          "title": "Jupiter Ascending",
        },
      ],
    },
    "name": "test-person",
    "place_of_birth": "New York, USA",
    "popularity": 100500,
    "profile_path": "/image",
  },
}
`;
