// Jest Snapshot v1, https://jestjs.io/docs/snapshot-testing

exports[`ImageGallery component should match snapshot 1`] = `
<DocumentFragment>
  <div
    class="ant-row css-dev-only-do-not-override-1cj4ms"
  >
    <div
      class="ant-col ant-col-24 css-dev-only-do-not-override-1cj4ms"
    >
      <div
        class="ant-carousel css-dev-only-do-not-override-1cj4ms"
      >
        <div
          class="slick-slider slick-initialized"
          dir="ltr"
        >
          <div
            class="slick-list"
          >
            <div
              class="slick-track"
              style="opacity: 1;"
            >
              <div
                aria-hidden="false"
                class="slick-slide slick-active slick-current"
                data-index="0"
                style="outline: none; width: 0px; position: relative; left: 0px; opacity: 1; z-index: 999; transition: opacity 700ms ease, visibility 700ms ease;"
                tabindex="-1"
              >
                <div>
                  <div
                    class="movie-image"
                    style="width: 100%; display: inline-block;"
                    tabindex="-1"
                  >
                    <img
                      alt="test/title"
                      src="https://image.tmdb.org/t/p/original/image"
                    />
                  </div>
                </div>
              </div>
            </div>
          </div>
          <ul
            class="slick-dots slick-dots-bottom"
            style="display: block;"
          >
            <li
              class="slick-active"
            >
              <button>
                1
              </button>
            </li>
          </ul>
        </div>
      </div>
    </div>
  </div>
</DocumentFragment>
`;
