// Jest Snapshot v1, https://goo.gl/fbAQLP

exports[`PersonalInfo component should match snapshot 1`] = `
<DocumentFragment>
  <h3
    class="ant-typography css-dev-only-do-not-override-1kuana8"
  >
    Personal Info
  </h3>
  <div
    class="ant-typography css-dev-only-do-not-override-1kuana8"
  >
    <b>
      Gender: 
    </b>
    <span>
      Non-binary
    </span>
  </div>
  <div
    class="ant-typography css-dev-only-do-not-override-1kuana8"
  >
    <b>
      Birthday: 
    </b>
    <span>
      January 1, 1999 (25 years old)
    </span>
  </div>
  <div
    class="ant-typography css-dev-only-do-not-override-1kuana8"
  >
    <b>
      Place of Birth: 
    </b>
    <span>
      New York, USA
    </span>
  </div>
</DocumentFragment>
`;
